// Jest Snapshot v1, https://goo.gl/fbAQLP

exports[`Listing component render correctly 1`] = `
<div
  className="MuiPaper-root Listing-container-1 MuiPaper-elevation5 MuiPaper-rounded"
>
  <img
    alt="random from unsplash"
    src="https://source.unsplash.com/random/300x150"
  />
  <p
    className="MuiTypography-root Listing-title-6 MuiTypography-h5 MuiTypography-paragraph MuiTypography-alignCenter"
  >
    Big title
  </p>
  <div
    className="Listing-grid_info-2"
  >
    <p
      className="MuiTypography-root Listing-grid_item-3 MuiTypography-body1"
    >
       
      <svg
        aria-hidden="true"
        className="MuiSvgIcon-root Listing-icon-4"
        focusable="false"
        role="presentation"
        viewBox="0 0 24 24"
      >
        <path
          d="M16 11c1.66 0 2.99-1.34 2.99-3S17.66 5 16 5c-1.66 0-3 1.34-3 3s1.34 3 3 3zm-8 0c1.66 0 2.99-1.34 2.99-3S9.66 5 8 5C6.34 5 5 6.34 5 8s1.34 3 3 3zm0 2c-2.33 0-7 1.17-7 3.5V19h14v-2.5c0-2.33-4.67-3.5-7-3.5zm8 0c-.29 0-.62.02-.97.05 1.16.84 1.97 1.97 1.97 3.45V19h6v-2.5c0-2.33-4.67-3.5-7-3.5z"
        />
      </svg>
    </p>
    <p
      className="MuiTypography-root Listing-grid_item-3 MuiTypography-body1"
    >
      3
       
      <svg
        aria-hidden="true"
        className="MuiSvgIcon-root Listing-icon-4"
        focusable="false"
        role="presentation"
        viewBox="0 0 24 24"
      >
        <path
          d="M7 13c1.66 0 3-1.34 3-3S8.66 7 7 7s-3 1.34-3 3 1.34 3 3 3zm12-6h-8v7H3V5H1v15h2v-3h18v3h2v-9c0-2.21-1.79-4-4-4z"
        />
      </svg>
    </p>
    <p
      className="MuiTypography-root Listing-grid_item-3 MuiTypography-body1"
    >
      11
       
      <svg
        aria-hidden="true"
        className="MuiSvgIcon-root Listing-icon-4"
        focusable="false"
        role="presentation"
        viewBox="0 0 24 24"
      >
        <path
          d="M14 6v15H3v-2h2V3h9v1h5v15h2v2h-4V6h-3zm-4 5v2h2v-2h-2z"
        />
      </svg>
    </p>
    <p
      className="MuiTypography-root Listing-grid_item-3 MuiTypography-body1"
    >
      4
       
      <svg
        aria-hidden="true"
        className="MuiSvgIcon-root Listing-icon-4"
        focusable="false"
        role="presentation"
        viewBox="0 0 24 24"
      >
        <circle
          cx="7"
          cy="7"
          r="2"
        />
        <path
          d="M20 13V4.83C20 3.27 18.73 2 17.17 2c-.75 0-1.47.3-2 .83l-1.25 1.25c-.16-.05-.33-.08-.51-.08-.4 0-.77.12-1.08.32l2.76 2.76c.2-.31.32-.68.32-1.08 0-.18-.03-.34-.07-.51l1.25-1.25c.15-.15.36-.24.58-.24.46 0 .83.37.83.83V13h-6.85c-.3-.21-.57-.45-.82-.72l-1.4-1.55c-.19-.21-.43-.38-.69-.5-.31-.15-.65-.23-1-.23C6 10.01 5 11.01 5 12.25V13H2v6c0 1.1.9 2 2 2 0 .55.45 1 1 1h14c.55 0 1-.45 1-1 1.1 0 2-.9 2-2v-6h-2z"
        />
      </svg>
    </p>
  </div>
  <p
    className="MuiTypography-root MuiTypography-body1 MuiTypography-paragraph"
  >
    This is a great place to live
  </p>
  <a
    className="Listing-link-5"
    href="http://agreatlink.com"
    rel="noopener noreferrer"
    target="_blank"
  >
    <p
      className="MuiTypography-root MuiTypography-body1 MuiTypography-alignRight"
    >
      See Actual Listing
    </p>
  </a>
</div>
`;

exports[`Listing component renders correctly 1`] = `
<div
  className="MuiPaper-root Listing-container-1 MuiPaper-elevation5 MuiPaper-rounded"
>
  <img
    alt="random from unsplash"
    src="https://source.unsplash.com/random/300x150"
  />
  <p
    className="MuiTypography-root Listing-title-6 MuiTypography-h5 MuiTypography-paragraph MuiTypography-alignCenter"
  >
    Big title
  </p>
  <div
    className="Listing-grid_info-2"
  >
    <p
      className="MuiTypography-root Listing-grid_item-3 MuiTypography-body1"
    >
       
      <svg
        aria-hidden="true"
        className="MuiSvgIcon-root Listing-icon-4"
        focusable="false"
        role="presentation"
        viewBox="0 0 24 24"
      >
        <path
          d="M16 11c1.66 0 2.99-1.34 2.99-3S17.66 5 16 5c-1.66 0-3 1.34-3 3s1.34 3 3 3zm-8 0c1.66 0 2.99-1.34 2.99-3S9.66 5 8 5C6.34 5 5 6.34 5 8s1.34 3 3 3zm0 2c-2.33 0-7 1.17-7 3.5V19h14v-2.5c0-2.33-4.67-3.5-7-3.5zm8 0c-.29 0-.62.02-.97.05 1.16.84 1.97 1.97 1.97 3.45V19h6v-2.5c0-2.33-4.67-3.5-7-3.5z"
        />
      </svg>
    </p>
    <p
      className="MuiTypography-root Listing-grid_item-3 MuiTypography-body1"
    >
      3
       
      <svg
        aria-hidden="true"
        className="MuiSvgIcon-root Listing-icon-4"
        focusable="false"
        role="presentation"
        viewBox="0 0 24 24"
      >
        <path
          d="M7 13c1.66 0 3-1.34 3-3S8.66 7 7 7s-3 1.34-3 3 1.34 3 3 3zm12-6h-8v7H3V5H1v15h2v-3h18v3h2v-9c0-2.21-1.79-4-4-4z"
        />
      </svg>
    </p>
    <p
      className="MuiTypography-root Listing-grid_item-3 MuiTypography-body1"
    >
      11
       
      <svg
        aria-hidden="true"
        className="MuiSvgIcon-root Listing-icon-4"
        focusable="false"
        role="presentation"
        viewBox="0 0 24 24"
      >
        <path
          d="M14 6v15H3v-2h2V3h9v1h5v15h2v2h-4V6h-3zm-4 5v2h2v-2h-2z"
        />
      </svg>
    </p>
    <p
      className="MuiTypography-root Listing-grid_item-3 MuiTypography-body1"
    >
      4
       
      <svg
        aria-hidden="true"
        className="MuiSvgIcon-root Listing-icon-4"
        focusable="false"
        role="presentation"
        viewBox="0 0 24 24"
      >
        <circle
          cx="7"
          cy="7"
          r="2"
        />
        <path
          d="M20 13V4.83C20 3.27 18.73 2 17.17 2c-.75 0-1.47.3-2 .83l-1.25 1.25c-.16-.05-.33-.08-.51-.08-.4 0-.77.12-1.08.32l2.76 2.76c.2-.31.32-.68.32-1.08 0-.18-.03-.34-.07-.51l1.25-1.25c.15-.15.36-.24.58-.24.46 0 .83.37.83.83V13h-6.85c-.3-.21-.57-.45-.82-.72l-1.4-1.55c-.19-.21-.43-.38-.69-.5-.31-.15-.65-.23-1-.23C6 10.01 5 11.01 5 12.25V13H2v6c0 1.1.9 2 2 2 0 .55.45 1 1 1h14c.55 0 1-.45 1-1 1.1 0 2-.9 2-2v-6h-2z"
        />
      </svg>
    </p>
  </div>
  <p
    className="MuiTypography-root MuiTypography-body1 MuiTypography-paragraph"
  >
    This is a great place to live
  </p>
  <a
    className="Listing-link-5"
    href="http://agreatlink.com"
    rel="noopener noreferrer"
    target="_blank"
  >
    <p
      className="MuiTypography-root MuiTypography-body1 MuiTypography-alignRight"
    >
      See Actual Listing
    </p>
  </a>
</div>
`;
